[themegenix.net/html/suxnix/index.html]
[backblue.gif]
[fade.gif]
[index.html]
[themegenix.net/html/suxnix/assets/img/favicon.png]
[themegenix.net/html/suxnix/assets/css/bootstrap.min.css]
[themegenix.net/html/suxnix/assets/css/animate.min.css]
[themegenix.net/html/suxnix/assets/css/magnific-popup.css]
[themegenix.net/html/suxnix/assets/css/fontawesome-all.min.css]
[themegenix.net/html/suxnix/assets/css/flaticon.css]
[themegenix.net/html/suxnix/assets/css/jquery-ui.css]
[themegenix.net/html/suxnix/assets/css/odometer.css]
[themegenix.net/html/suxnix/assets/css/slick.css]
[themegenix.net/html/suxnix/assets/css/default.css]
[themegenix.net/html/suxnix/assets/css/style.css]
[themegenix.net/html/suxnix/assets/css/responsive.css]
[themegenix.net/html/suxnix/index-2.html]
[themegenix.net/html/suxnix/assets/img/logo/logo.png]
[themegenix.net/html/suxnix/index-3.html]
[themegenix.net/html/suxnix/index-4.html]
[themegenix.net/html/suxnix/shop.html]
[themegenix.net/html/suxnix/shop-details.html]
[themegenix.net/html/suxnix/cart.html]
[themegenix.net/html/suxnix/checkout.html]
[themegenix.net/html/suxnix/login.html]
[themegenix.net/html/suxnix/register.html]
[themegenix.net/html/suxnix/reset-password.html]
[themegenix.net/html/suxnix/blog.html]
[themegenix.net/html/suxnix/blog-details.html]
[themegenix.net/html/suxnix/contact.html]
[themegenix.net/html/suxnix/assets/img/products/cart_p01.jpg]
[themegenix.net/html/suxnix/assets/img/products/cart_p02.jpg]
[themegenix.net/html/suxnix/assets/img/icons/close.png]
[themegenix.net/html/suxnix/assets/img/banner/banner_img01.png]
[themegenix.net/html/suxnix/assets/img/banner/banner_round_bg.png]
[themegenix.net/html/suxnix/assets/img/banner/banner_shape01.png]
[themegenix.net/html/suxnix/assets/img/banner/banner_shape02.png]
[themegenix.net/html/suxnix/assets/img/banner/banner_shape03.png]
[themegenix.net/html/suxnix/assets/img/banner/banner_shape04.png]
[themegenix.net/html/suxnix/assets/img/brand/brand_01.png]
[themegenix.net/html/suxnix/assets/img/brand/brand_02.png]
[themegenix.net/html/suxnix/assets/img/brand/brand_03.png]
[themegenix.net/html/suxnix/assets/img/brand/brand_04.png]
[themegenix.net/html/suxnix/assets/img/brand/brand_05.png]
[themegenix.net/html/suxnix/assets/img/brand/brand_06.png]
[themegenix.net/html/suxnix/assets/img/bg/features_bg.jpg]
[themegenix.net/html/suxnix/assets/img/others/features_img.png]
[themegenix.net/html/suxnix/assets/img/products/features_product01.png]
[themegenix.net/html/suxnix/assets/img/products/features_product_shape01.png]
[themegenix.net/html/suxnix/assets/img/products/features_product02.png]
[themegenix.net/html/suxnix/assets/img/products/features_product_shape02.png]
[themegenix.net/html/suxnix/assets/img/products/features_product03.png]
[themegenix.net/html/suxnix/assets/img/products/features_product_shape03.png]
[themegenix.net/html/suxnix/assets/img/others/features_sec_shape01.png]
[themegenix.net/html/suxnix/assets/img/others/features_sec_shape02.png]
[themegenix.net/html/suxnix/assets/img/others/features_sec_shape03.png]
[themegenix.net/html/suxnix/assets/img/products/home_shop_thumb01.png]
[themegenix.net/html/suxnix/assets/img/products/home_shop_thumb02.png]
[themegenix.net/html/suxnix/assets/img/products/home_shop_thumb03.png]
[themegenix.net/html/suxnix/assets/img/products/home_shop_thumb04.png]
[themegenix.net/html/suxnix/assets/img/products/home_shop_thumb05.png]
[themegenix.net/html/suxnix/assets/img/bg/video_bg.jpg]
[themegenix.net/html/suxnix/assets/img/others/video_shape01.png]
[themegenix.net/html/suxnix/assets/img/others/video_shape02.png]
[themegenix.net/html/suxnix/assets/img/others/ingredients_img.png]
[themegenix.net/html/suxnix/assets/img/others/ingredients_shape.png]
[themegenix.net/html/suxnix/assets/img/others/ingredients_item01.png]
[themegenix.net/html/suxnix/assets/img/others/ingredients_item02.png]
[themegenix.net/html/suxnix/assets/img/others/ingredients_item03.png]
[themegenix.net/html/suxnix/assets/img/others/ingredients_item04.png]
[themegenix.net/html/suxnix/assets/img/bg/formula_bg.jpg]
[themegenix.net/html/suxnix/assets/img/others/formula_img.png]
[themegenix.net/html/suxnix/assets/img/others/pricing_01.png]
[themegenix.net/html/suxnix/assets/img/others/pricing_bottom_img.png]
[themegenix.net/html/suxnix/assets/img/others/pricing_02.png]
[themegenix.net/html/suxnix/assets/img/others/pricing_03.png]
[themegenix.net/html/suxnix/assets/img/bg/testimonial_bg.jpg]
[themegenix.net/html/suxnix/assets/img/others/testi_avatar01.jpg]
[themegenix.net/html/suxnix/assets/img/others/testi_avatar02.jpg]
[themegenix.net/html/suxnix/assets/img/others/testi_avatar03.jpg]
[themegenix.net/html/suxnix/assets/img/blog/post_thumb01.jpg]
[themegenix.net/html/suxnix/assets/img/blog/post_thumb02.jpg]
[themegenix.net/html/suxnix/assets/img/blog/post_thumb03.jpg]
[themegenix.net/html/suxnix/assets/img/others/instagram_post01.jpg]
[themegenix.net/html/suxnix/assets/img/others/instagram_post02.jpg]
[themegenix.net/html/suxnix/assets/img/others/instagram_post03.jpg]
[themegenix.net/html/suxnix/assets/img/others/instagram_post04.jpg]
[themegenix.net/html/suxnix/assets/img/others/instagram_post05.jpg]
[themegenix.net/html/suxnix/assets/img/others/instagram_post06.jpg]
[themegenix.net/html/suxnix/assets/img/logo/white_logo.png]
[themegenix.net/html/suxnix/assets/img/others/footer_shape01.png]
[themegenix.net/html/suxnix/assets/img/others/footer_shape02.png]
[themegenix.net/html/suxnix/assets/img/others/card_img.png]
[themegenix.net/html/suxnix/assets/js/vendor/jquery-3.6.0.min.js]
[themegenix.net/html/suxnix/assets/js/bootstrap.min.js]
[themegenix.net/html/suxnix/assets/js/isotope.pkgd.min.js]
[themegenix.net/html/suxnix/assets/js/imagesloaded.pkgd.min.js]
[themegenix.net/html/suxnix/assets/js/jquery.magnific-popup.min.js]
[themegenix.net/html/suxnix/assets/js/jquery.odometer.min.js]
[themegenix.net/html/suxnix/assets/js/jquery.appear.js]
[themegenix.net/html/suxnix/assets/js/jquery.paroller.min.js]
[themegenix.net/html/suxnix/assets/js/jquery.easypiechart.min.js]
[themegenix.net/html/suxnix/assets/js/jquery.inview.min.js]
[themegenix.net/html/suxnix/assets/js/jquery.easing.js]
[themegenix.net/html/suxnix/assets/js/jquery-ui.min.js]
[themegenix.net/html/suxnix/assets/js/svg-inject.min.js]
[themegenix.net/html/suxnix/assets/js/jarallax.min.js]
[themegenix.net/html/suxnix/assets/js/slick.min.js]
[themegenix.net/html/suxnix/assets/js/validator.js]
[themegenix.net/html/suxnix/assets/js/ajax-form.js]
[themegenix.net/html/suxnix/assets/js/wow.min.js]
[themegenix.net/html/suxnix/index.html]
[themegenix.net/html/suxnix/assets/css/bootstrap.min.css]
[themegenix.net/html/suxnix/assets/css/animate.min.css]
[themegenix.net/html/suxnix/assets/css/magnific-popup.css]
[themegenix.net/html/suxnix/assets/js/main.js]
[themegenix.net/html/suxnix/assets/fonts/fa-brands-400.eot]
[themegenix.net/html/suxnix/assets/fonts/fa-brands-400d41d.eot]
[themegenix.net/html/suxnix/assets/fonts/fa-brands-400.woff2]
[themegenix.net/html/suxnix/assets/fonts/fa-brands-400.woff]
[themegenix.net/html/suxnix/assets/fonts/fa-brands-400.ttf]
[themegenix.net/html/suxnix/assets/fonts/fa-regular-400.eot]
[themegenix.net/html/suxnix/assets/fonts/fa-brands-400.svg]
[themegenix.net/html/suxnix/assets/fonts/fa-regular-400d41d.eot]
[themegenix.net/html/suxnix/assets/fonts/fa-regular-400.woff2]
[themegenix.net/html/suxnix/assets/fonts/fa-regular-400.woff]
[themegenix.net/html/suxnix/assets/fonts/fa-regular-400.ttf]
[themegenix.net/html/suxnix/assets/fonts/fa-regular-400.svg]
[themegenix.net/html/suxnix/assets/fonts/fa-solid-900.eot]
[themegenix.net/html/suxnix/assets/fonts/fa-solid-900.woff2]
[themegenix.net/html/suxnix/assets/fonts/fa-solid-900d41d.eot]
[themegenix.net/html/suxnix/assets/fonts/fa-solid-900.woff]
[themegenix.net/html/suxnix/assets/fonts/fa-solid-900.ttf]
[themegenix.net/html/suxnix/assets/css/fontawesome-all.min.css]
[themegenix.net/html/suxnix/assets/fonts/flaticon2a64.ttf]
[themegenix.net/html/suxnix/assets/fonts/flaticon2a64.woff]
[themegenix.net/html/suxnix/assets/fonts/flaticon2a64.woff2]
[themegenix.net/html/suxnix/assets/fonts/fa-solid-900.svg]
[themegenix.net/html/suxnix/assets/css/flaticon.css]
[themegenix.net/html/suxnix/assets/css/jquery-ui.css]
[themegenix.net/html/suxnix/assets/css/odometer.css]
[themegenix.net/html/suxnix/assets/css/slick.css]
[themegenix.net/html/suxnix/assets/css/default.css]
[themegenix.net/html/suxnix/assets/css/style.css]
[themegenix.net/html/suxnix/assets/css/responsive.css]
[themegenix.net/html/suxnix/index-2.html]
[themegenix.net/html/suxnix/index-3.html]
[themegenix.net/html/suxnix/assets/img/bg/h3_features_bg.jpg]
[themegenix.net/html/suxnix/assets/img/icons/features_icon01.svg]
[themegenix.net/html/suxnix/assets/img/icons/features_shape.svg]
[themegenix.net/html/suxnix/assets/img/icons/features_icon02.svg]
[themegenix.net/html/suxnix/assets/img/icons/features_icon03.svg]
[themegenix.net/html/suxnix/assets/img/others/about_img.png]
[themegenix.net/html/suxnix/assets/img/icons/sub_left.svg]
[themegenix.net/html/suxnix/assets/img/icons/sub_right.svg]
[themegenix.net/html/suxnix/assets/img/bg/h3_features_bg_02.jpg]
[themegenix.net/html/suxnix/assets/img/others/doctor_img01.jpg]
[themegenix.net/html/suxnix/assets/img/others/doctor_img02.jpg]
[themegenix.net/html/suxnix/assets/img/others/doctor_img03.jpg]
[themegenix.net/html/suxnix/assets/img/others/doctor_img04.jpg]
[themegenix.net/html/suxnix/assets/img/bg/h3_testimonial_bg.jpg]
[themegenix.net/html/suxnix/assets/img/others/h3_pricing_img01.png]
[themegenix.net/html/suxnix/assets/img/others/pricing_item_bg.jpg]
[themegenix.net/html/suxnix/assets/img/others/h3_pricing_img02.png]
[themegenix.net/html/suxnix/assets/img/others/h3_pricing_img03.png]
[themegenix.net/html/suxnix/assets/img/others/faq_img.jpg]
[themegenix.net/html/suxnix/assets/img/blog/h3_blog_post01.jpg]
[themegenix.net/html/suxnix/assets/img/blog/h3_blog_post02.jpg]
[themegenix.net/html/suxnix/assets/img/others/newsletter_shape.png]
[themegenix.net/html/suxnix/assets/img/bg/h3_footer-bg.jpg]
[themegenix.net/html/suxnix/index-4.html]
[themegenix.net/html/suxnix/assets/img/products/home_shop_thumb06.png]
[themegenix.net/html/suxnix/shop.html]
[themegenix.net/html/suxnix/assets/img/others/p_review_img01.jpg]
[themegenix.net/html/suxnix/assets/img/others/p_review_img02.jpg]
[themegenix.net/html/suxnix/assets/img/others/p_review_img03.jpg]
[themegenix.net/html/suxnix/shop-details.html]
[themegenix.net/html/suxnix/cart.html]
[themegenix.net/html/suxnix/checkout.html]
[themegenix.net/html/suxnix/assets/img/icons/google.svg]
[themegenix.net/html/suxnix/login.html]
[themegenix.net/html/suxnix/register.html]
[themegenix.net/html/suxnix/reset-password.html]
[themegenix.net/html/suxnix/assets/img/blog/inner_blog_thumb01.jpg]
[themegenix.net/html/suxnix/assets/img/blog/b_avatar.png]
[themegenix.net/html/suxnix/assets/img/blog/inner_blog_thumb02.jpg]
[themegenix.net/html/suxnix/assets/img/blog/inner_blog_thumb03.jpg]
[themegenix.net/html/suxnix/assets/img/blog/bsingle_post_bg.jpg]
[themegenix.net/html/suxnix/assets/img/icons/blockquote.png]
[themegenix.net/html/suxnix/assets/img/blog/bsingle_post_bg02.jpg]
[themegenix.net/html/suxnix/assets/img/blog/me.png]
[themegenix.net/html/suxnix/assets/img/blog/insta_post03.jpg]
[themegenix.net/html/suxnix/assets/img/blog/insta_post04.jpg]
[themegenix.net/html/suxnix/assets/img/blog/insta_post05.jpg]
[themegenix.net/html/suxnix/assets/img/blog/insta_post06.jpg]
[themegenix.net/html/suxnix/assets/img/blog/insta_post07.jpg]
[themegenix.net/html/suxnix/assets/img/blog/insta_post08.jpg]
[themegenix.net/html/suxnix/assets/img/blog/insta_post09.jpg]
[themegenix.net/html/suxnix/assets/img/blog/banner.jpg]
[themegenix.net/html/suxnix/blog.html]
[themegenix.net/html/suxnix/assets/img/icons/c_d01.png]
[themegenix.net/html/suxnix/assets/img/blog/rp_post01.jpg]
[themegenix.net/html/suxnix/assets/img/blog/rp_post02.jpg]
[themegenix.net/html/suxnix/assets/img/blog/bd_avatar_img.jpg]
[themegenix.net/html/suxnix/assets/img/blog/c_01.png]
[themegenix.net/html/suxnix/assets/img/blog/c_02.png]
[themegenix.net/html/suxnix/assets/img/blog/c_03.png]
[themegenix.net/html/suxnix/blog-details.html]
[themegenix.net/html/suxnix/contact.html]
[www.youtube.com/watch.3aa460.delayed]
[www.youtube.com/watch.3aa460.delayed]
[themegenix.net/html/suxnix/assets/js/vendor/jquery-3.6.0.min.js]
[themegenix.net/html/suxnix/assets/js/bootstrap.min.js]
[themegenix.net/html/suxnix/assets/js/isotope.pkgd.min.js]
[themegenix.net/html/suxnix/assets/js/imagesloaded.pkgd.min.js]
[themegenix.net/html/suxnix/assets/js/jquery.magnific-popup.min.js]
[themegenix.net/html/suxnix/assets/js/jquery.odometer.min.js]
[themegenix.net/html/suxnix/assets/js/jquery.appear.js]
[themegenix.net/html/suxnix/assets/js/jquery.paroller.min.js]
[themegenix.net/html/suxnix/assets/js/jquery.easypiechart.min.js]
[themegenix.net/html/suxnix/assets/js/jquery.inview.min.js]
[themegenix.net/html/suxnix/assets/js/jquery.easing.js]
[themegenix.net/html/suxnix/assets/js/jquery-ui.min.js]
[themegenix.net/html/suxnix/GET.f0.delayed]
[themegenix.net/html/suxnix/assets/js/svg-inject.min.js]
[themegenix.net/html/suxnix/assets/js/jarallax.min.js]
[themegenix.net/html/suxnix/assets/js/slick.min.js]
[themegenix.net/html/suxnix/assets/js/validator.js]
[themegenix.net/html/suxnix/assets/js/ajax-form.js]
[themegenix.net/html/suxnix/assets/js/wow.min.js]
[themegenix.net/html/suxnix/assets/js/main.js]
[themegenix.net/html/suxnix/assets/fonts/fa-brands-400.svg]
[themegenix.net/html/suxnix/assets/fonts/fa-regular-400.svg]
[themegenix.net/html/suxnix/Trident/index.html]
[themegenix.net/html/suxnix/assets/fonts/fa-solid-900.svg]
[themegenix.net/html/suxnix/assets/fonts/flaticon2a64.html]
[themegenix.net/html/suxnix/assets/fonts/flaticon2a64-2.html]
[themegenix.net/html/suxnix/Edge/index.html]
[fonts.googleapis.com/css2.84f94f.delayed]
[themegenix.net/html/suxnix/assets/img/icons/cross-out.html]
[themegenix.net/html/suxnix/assets/img/bg/testimonial_bottom_shape.html]
[themegenix.net/html/suxnix/assets/img/bg/features_shape01.html]
[themegenix.net/html/suxnix/assets/img/bg/features_shape02.html]
[themegenix.net/html/suxnix/assets/img/products/features_product_dots.html]
[themegenix.net/html/suxnix/assets/img/others/title_shape.html]
[themegenix.net/html/suxnix/assets/img/bg/video_top_mask.html]
[themegenix.net/html/suxnix/assets/img/bg/video_bottom_mask.html]
[themegenix.net/html/suxnix/assets/img/bg/formula_shape01.html]
[themegenix.net/html/suxnix/assets/img/bg/formula_shape02.html]
[themegenix.net/html/suxnix/assets/img/icons/right_arrow.html]
[themegenix.net/html/suxnix/assets/img/bg/testimonial_top_shape.html]
[themegenix.net/html/suxnix/assets/img/icons/blockquote_icon.html]
[themegenix.net/html/suxnix/assets/img/bg/blog_line.html]
[themegenix.net/html/suxnix/assets/img/bg/footer_bg_shape.html]
[themegenix.net/html/suxnix/assets/img/bg/header_shape.html]
[themegenix.net/html/suxnix/assets/img/banner/tg_banner_bg.html]
[themegenix.net/html/suxnix/assets/img/banner/banner_bg_shape.html]
[themegenix.net/html/suxnix/assets/img/bg/supplement_bg_shape.html]
[themegenix.net/html/suxnix/assets/img/bg/tg_video_bg.html]
[themegenix.net/html/suxnix/assets/img/bg/shop_det_bg.html]
[themegenix.net/html/suxnix/assets/img/bg/tg_testimonial_bg.html]
[themegenix.net/html/suxnix/assets/img/bg/footer_bg.html]
[themegenix.net/html/suxnix/assets/img/logo/logo_01.html]
[themegenix.net/html/suxnix/assets/img/banner/banner_img.html]
[themegenix.net/html/suxnix/assets/img/others/supplement_img.html]
[themegenix.net/html/suxnix/assets/img/others/supplement_shape02.html]
[themegenix.net/html/suxnix/assets/img/others/video_img.html]
[www.youtube.com/watch.a13370.delayed]
[www.youtube.com/watch.a13370.delayed]
[themegenix.net/html/suxnix/assets/img/products/tg_shop01.html]
[themegenix.net/html/suxnix/assets/img/products/tg_shop02.html]
[themegenix.net/html/suxnix/assets/img/products/tg_shop03.html]
[themegenix.net/html/suxnix/assets/img/products/tg_shop04.html]
[themegenix.net/html/suxnix/assets/img/products/tg_shop05.html]
[themegenix.net/html/suxnix/assets/img/products/tg_shop06.html]
[themegenix.net/html/suxnix/assets/img/products/shop-details-thumb01.html]
[themegenix.net/html/suxnix/assets/img/products/shop-details-thumb02.html]
[themegenix.net/html/suxnix/assets/img/products/shop-details-thumb03.html]
[themegenix.net/html/suxnix/assets/img/products/shop-details-thumb04.html]
[themegenix.net/html/suxnix/assets/img/others/testi_img01.html]
[themegenix.net/html/suxnix/assets/img/others/testi_img02.html]
[themegenix.net/html/suxnix/assets/img/blog/blog_post_thumb01.html]
[themegenix.net/html/suxnix/assets/img/blog/blog_post_thumb02.html]
[themegenix.net/html/suxnix/assets/img/blog/blog_post_thumb03.html]
[themegenix.net/html/suxnix/assets/img/logo/white_logo_01.html]
[themegenix.net/html/suxnix/assets/img/blog/insta_post01.html]
[themegenix.net/html/suxnix/assets/img/blog/insta_post02.html]
[themegenix.net/html/suxnix/assets/img/others/satisfaction_img.html]
[themegenix.net/html/suxnix/assets/img/logo/logo_02.html]
[themegenix.net/html/suxnix/assets/img/logo/white_logo_02.html]
[themegenix.net/html/suxnix/assets/img/banner/h3_banner_bg.html]
[themegenix.net/html/suxnix/assets/img/banner/h3_banner_img.html]
[themegenix.net/html/suxnix/assets/img/banner/h3_banner_shape.html]
[www.w3.org/2000/svg.ba.delayed]
[themegenix.net/html/suxnix/assets/img/icons/features_icon01.svg]
[themegenix.net/html/suxnix/assets/img/icons/features_shape.svg]
[themegenix.net/html/suxnix/assets/img/icons/features_icon02.svg]
[themegenix.net/html/suxnix/assets/img/icons/features_icon03.svg]
[themegenix.net/html/suxnix/assets/img/icons/sub_left.svg]
[themegenix.net/html/suxnix/assets/img/icons/sub_right.svg]
[themegenix.net/html/suxnix/assets/img/icons/google.svg]
[www.youtube.com/watch.daaa44.delayed]
[www.youtube.com/watch.daaa44.delayed]
[www.google.com/maps/embed.ef201d.delayed]
[www.google.com/maps/embed.ef201d.delayed]
[themegenix.net/html/suxnix/GET.html]
[themegenix.net/html/suxnix/Trident/index.html]
[themegenix.net/html/suxnix/Edge/index.html]
